c:\tools\git\stoolsample\ms-rprn\x64\release\ms-rprn.pch
c:\tools\git\stoolsample\ms-rprn\x64\release\vc142.pdb
c:\tools\git\stoolsample\ms-rprn\x64\release\stdafx.obj
c:\tools\git\stoolsample\ms-rprn\x64\release\main.obj
c:\tools\git\stoolsample\ms-rprn\x64\release\ms-rprn_c.obj
c:\tools\git\stoolsample\x64\release\ms-rprn.dll
c:\tools\git\stoolsample\ms-rprn\x64\release\ms-rprn.ipdb
c:\tools\git\stoolsample\ms-rprn\x64\release\ms-rprn.iobj
c:\tools\git\stoolsample\x64\release\ms-rprn.pdb
c:\tools\git\stoolsample\ms-rprn\ms-rprn_c.c
c:\tools\git\stoolsample\ms-rprn\ms-rprn_s.c
c:\tools\git\stoolsample\ms-rprn\ms-rprn_h.h
c:\tools\git\stoolsample\x64\release\ms-rprn.lib
c:\tools\git\stoolsample\x64\release\ms-rprn.exp
c:\tools\git\stoolsample\ms-rprn\x64\release\ms-rprn.tlog\cl.command.1.tlog
c:\tools\git\stoolsample\ms-rprn\x64\release\ms-rprn.tlog\cl.read.1.tlog
c:\tools\git\stoolsample\ms-rprn\x64\release\ms-rprn.tlog\cl.write.1.tlog
c:\tools\git\stoolsample\ms-rprn\x64\release\ms-rprn.tlog\link.command.1.tlog
c:\tools\git\stoolsample\ms-rprn\x64\release\ms-rprn.tlog\link.read.1.tlog
c:\tools\git\stoolsample\ms-rprn\x64\release\ms-rprn.tlog\link.write.1.tlog
c:\tools\git\stoolsample\ms-rprn\x64\release\ms-rprn.tlog\midl.command.1.tlog
c:\tools\git\stoolsample\ms-rprn\x64\release\ms-rprn.tlog\midl.read.1.tlog
c:\tools\git\stoolsample\ms-rprn\x64\release\ms-rprn.tlog\midl.write.1.tlog
c:\tools\git\stoolsample\ms-rprn\x64\release\ms-rprn.tlog\ms-rprn.write.1u.tlog
